OwnerID  Surname  Given  Details
-------  -------  -----  -------
1        Smith    Jim_1         
