OwnerID  Surname    Given      Details
-------  ---------  ---------  -------
1        Smith      Jim_1             
2        Jones      Betty_3    1      
3        Smith      Billy_1    1      
4        Smith      Shelly_2   1      
5        Smith      Shirley_2  1      
6        Smith      Gord_3     1      
7        Anderson   Amy_4      1      
8        Smith      Wilson_3   1      
9        Smith      Xavier_3   1      
10       Middleone  Kate_1     1      
11       Smith      Yardley_3  1      
12                  Earl_1     1      
